Copyright 1986-2016 Xilinx, Inc. All Rights Reserved.
----------------------------------------------------------------------------------------------------------------------------------------------------------
| Tool Version     : Vivado v.2016.2 (win64) Build 1577090 Thu Jun  2 16:32:40 MDT 2016
| Date             : Sun Dec 31 23:12:56 2017
| Host             : DESKTOP-EUIKP9S running 64-bit major release  (build 9200)
| Command          : report_power -file pipelinedcpu_power_routed.rpt -pb pipelinedcpu_power_summary_routed.pb -rpx pipelinedcpu_power_routed.rpx
| Design           : pipelinedcpu
| Device           : xc7a100tfgg484-1
| Design State     : routed
| Grade            : commercial
| Process          : typical
| Characterization : Production
----------------------------------------------------------------------------------------------------------------------------------------------------------

Power Report

Table of Contents
-----------------
1. Summary
1.1 On-Chip Components
1.2 Power Supply Summary
1.3 Confidence Level
2. Settings
2.1 Environment
2.2 Clock Constraints
3. Detailed Reports
3.1 By Hierarchy

1. Summary
----------

+--------------------------+----------------------------------+
| Total On-Chip Power (W)  | 82.017 (Junction temp exceeded!) |
| Dynamic (W)              | 81.173                           |
| Device Static (W)        | 0.844                            |
| Effective TJA (C/W)      | 2.7                              |
| Max Ambient (C)          | 0.0                              |
| Junction Temperature (C) | 125.0                            |
| Confidence Level         | Low                              |
| Setting File             | ---                              |
| Simulation Activity File | ---                              |
| Design Nets Matched      | NA                               |
+--------------------------+----------------------------------+


1.1 On-Chip Components
----------------------

+----------------+-----------+----------+-----------+-----------------+
| On-Chip        | Power (W) | Used     | Available | Utilization (%) |
+----------------+-----------+----------+-----------+-----------------+
| Slice Logic    |    20.447 |     4249 |       --- |             --- |
|   LUT as Logic |    19.523 |     1972 |     63400 |            3.11 |
|   Register     |     0.424 |     1658 |    126800 |            1.31 |
|   F7/F8 Muxes  |     0.372 |      313 |     63400 |            0.49 |
|   CARRY4       |     0.102 |       32 |     15850 |            0.20 |
|   BUFG         |     0.027 |        4 |        32 |           12.50 |
|   Others       |     0.000 |       99 |       --- |             --- |
| Signals        |    29.290 |     3538 |       --- |             --- |
| Block RAM      |     1.288 |     30.5 |       135 |           22.59 |
| I/O            |    30.147 |       45 |       285 |           15.79 |
| Static Power   |     0.844 |          |           |                 |
| Total          |    82.017 |          |           |                 |
+----------------+-----------+----------+-----------+-----------------+


1.2 Power Supply Summary
------------------------

+-----------+-------------+-----------+-------------+------------+
| Source    | Voltage (V) | Total (A) | Dynamic (A) | Static (A) |
+-----------+-------------+-----------+-------------+------------+
| Vccint    |       1.000 |    51.590 |      51.003 |      0.586 |
| Vccaux    |       1.800 |     1.194 |       1.102 |      0.093 |
| Vcco33    |       3.300 |     8.513 |       8.509 |      0.004 |
| Vcco25    |       2.500 |     0.000 |       0.000 |      0.000 |
| Vcco18    |       1.800 |     0.000 |       0.000 |      0.000 |
| Vcco15    |       1.500 |     0.000 |       0.000 |      0.000 |
| Vcco135   |       1.350 |     0.000 |       0.000 |      0.000 |
| Vcco12    |       1.200 |     0.000 |       0.000 |      0.000 |
| Vccaux_io |       1.800 |     0.000 |       0.000 |      0.000 |
| Vccbram   |       1.000 |     0.148 |       0.106 |      0.042 |
| MGTAVcc   |       1.000 |     0.000 |       0.000 |      0.000 |
| MGTAVtt   |       1.200 |     0.000 |       0.000 |      0.000 |
| Vccadc    |       1.800 |     0.020 |       0.000 |      0.020 |
+-----------+-------------+-----------+-------------+------------+


1.3 Confidence Level
--------------------

+-----------------------------+------------+--------------------------------------------------------+--------------------------------------------------------------------------------------------------------------------+
| User Input Data             | Confidence | Details                                                | Action                                                                                                             |
+-----------------------------+------------+--------------------------------------------------------+--------------------------------------------------------------------------------------------------------------------+
| Design implementation state | High       | Design is routed                                       |                                                                                                                    |
| Clock nodes activity        | Low        | User specified less than 75% of clocks                 | Provide missing clock activity with a constraint file, simulation results or by editing the "By Clock Domain" view |
| I/O nodes activity          | Low        | More than 75% of inputs are missing user specification | Provide missing input activity with simulation results or by editing the "By Resource Type -> I/Os" view           |
| Internal nodes activity     | Medium     | User specified less than 25% of internal nodes         | Provide missing internal nodes activity with simulation results or by editing the "By Resource Type" views         |
| Device models               | High       | Device models are Production                           |                                                                                                                    |
|                             |            |                                                        |                                                                                                                    |
| Overall confidence level    | Low        |                                                        |                                                                                                                    |
+-----------------------------+------------+--------------------------------------------------------+--------------------------------------------------------------------------------------------------------------------+


2. Settings
-----------

2.1 Environment
---------------

+-----------------------+--------------------------+
| Ambient Temp (C)      | 25.0                     |
| ThetaJA (C/W)         | 2.7                      |
| Airflow (LFM)         | 250                      |
| Heat Sink             | medium (Medium Profile)  |
| ThetaSA (C/W)         | 4.6                      |
| Board Selection       | medium (10"x10")         |
| # of Board Layers     | 12to15 (12 to 15 Layers) |
| Board Temperature (C) | 25.0                     |
+-----------------------+--------------------------+


2.2 Clock Constraints
---------------------

+-------+--------+-----------------+
| Clock | Domain | Constraint (ns) |
+-------+--------+-----------------+


3. Detailed Reports
-------------------

3.1 By Hierarchy
----------------

+--------------------------------------------------+-----------+
| Name                                             | Power (W) |
+--------------------------------------------------+-----------+
| pipelinedcpu                                     |    81.173 |
|   de_reg                                         |    20.333 |
|   em_reg                                         |     4.741 |
|   exe_stage                                      |     0.019 |
|     al_unit                                      |     0.019 |
|   id_stage                                       |     5.774 |
|     rf                                           |     5.774 |
|   if_stage                                       |     1.399 |
|     inst_mem                                     |     1.399 |
|       your_instance_name                         |     1.399 |
|         U0                                       |     1.399 |
|           inst_blk_mem_gen                       |     1.399 |
|             gnbram.gnativebmg.native_blk_mem_gen |     1.399 |
|               valid.cstr                         |     1.399 |
|                 bindec_a.bindec_inst_a           |     0.116 |
|                 has_mux_a.A                      |     0.348 |
|                 ramloop[0].ram.r                 |     0.066 |
|                   prim_init.ram                  |     0.066 |
|                 ramloop[10].ram.r                |     0.045 |
|                   prim_init.ram                  |     0.045 |
|                 ramloop[11].ram.r                |     0.051 |
|                   prim_init.ram                  |     0.051 |
|                 ramloop[12].ram.r                |     0.044 |
|                   prim_init.ram                  |     0.044 |
|                 ramloop[13].ram.r                |     0.046 |
|                   prim_init.ram                  |     0.046 |
|                 ramloop[14].ram.r                |     0.040 |
|                   prim_init.ram                  |     0.040 |
|                 ramloop[1].ram.r                 |     0.133 |
|                   prim_init.ram                  |     0.133 |
|                 ramloop[2].ram.r                 |     0.133 |
|                   prim_init.ram                  |     0.133 |
|                 ramloop[3].ram.r                 |     0.048 |
|                   prim_init.ram                  |     0.048 |
|                 ramloop[4].ram.r                 |     0.045 |
|                   prim_init.ram                  |     0.045 |
|                 ramloop[5].ram.r                 |     0.047 |
|                   prim_init.ram                  |     0.047 |
|                 ramloop[6].ram.r                 |     0.076 |
|                   prim_init.ram                  |     0.076 |
|                 ramloop[7].ram.r                 |     0.042 |
|                   prim_init.ram                  |     0.042 |
|                 ramloop[8].ram.r                 |     0.077 |
|                   prim_init.ram                  |     0.077 |
|                 ramloop[9].ram.r                 |     0.041 |
|                   prim_init.ram                  |     0.041 |
|   inst_reg                                       |     6.217 |
|     instruction                                  |     5.412 |
|     pc_plus4                                     |     0.806 |
|   mem_io_stage                                   |     5.255 |
|     devices                                      |     2.498 |
|       keyboard0                                  |     0.314 |
|       pwm0                                       |     0.304 |
|       seg0                                       |     0.847 |
|       switches0                                  |     0.051 |
|       timer01                                    |     0.967 |
|     memory0                                      |     2.757 |
|       your_instance_name                         |     1.990 |
|         U0                                       |     1.990 |
|           inst_blk_mem_gen                       |     1.990 |
|             gnbram.gnativebmg.native_blk_mem_gen |     1.990 |
|               valid.cstr                         |     1.990 |
|                 has_mux_a.A                      |     0.953 |
|                 ramloop[0].ram.r                 |     0.066 |
|                   prim_init.ram                  |     0.066 |
|                 ramloop[10].ram.r                |     0.105 |
|                   prim_init.ram                  |     0.105 |
|                 ramloop[11].ram.r                |     0.049 |
|                   prim_init.ram                  |     0.049 |
|                 ramloop[12].ram.r                |     0.071 |
|                   prim_init.ram                  |     0.071 |
|                 ramloop[13].ram.r                |     0.046 |
|                   prim_init.ram                  |     0.046 |
|                 ramloop[14].ram.r                |     0.066 |
|                   prim_init.ram                  |     0.066 |
|                 ramloop[15].ram.r                |     0.073 |
|                   prim_init.ram                  |     0.073 |
|                 ramloop[1].ram.r                 |     0.049 |
|                   prim_init.ram                  |     0.049 |
|                 ramloop[2].ram.r                 |     0.057 |
|                   prim_init.ram                  |     0.057 |
|                 ramloop[3].ram.r                 |     0.049 |
|                   prim_init.ram                  |     0.049 |
|                 ramloop[4].ram.r                 |     0.064 |
|                   prim_init.ram                  |     0.064 |
|                 ramloop[5].ram.r                 |     0.048 |
|                   prim_init.ram                  |     0.048 |
|                 ramloop[6].ram.r                 |     0.062 |
|                   prim_init.ram                  |     0.062 |
|                 ramloop[7].ram.r                 |     0.040 |
|                   prim_init.ram                  |     0.040 |
|                 ramloop[8].ram.r                 |     0.108 |
|                   prim_init.ram                  |     0.108 |
|                 ramloop[9].ram.r                 |     0.084 |
|                   prim_init.ram                  |     0.084 |
|   mw_reg                                         |     0.993 |
|   progcnt                                        |     1.744 |
|     program_counter                              |     1.744 |
|   segmentdivider                                 |     0.157 |
|   sysclkdivider                                  |     0.053 |
|   wb_stage                                       |     4.011 |
+--------------------------------------------------+-----------+


